// Jest Snapshot v1, https://goo.gl/fbAQLP

exports[`SendCode should match snapshot 1`] = `
<styled.div>
  <RenderContent />
</styled.div>
`;
